// Jest Snapshot v1, https://goo.gl/fbAQLP

exports[`<OptForm /> renders the <OptForm/> with populated data 1`] = `
<div
  class="opt-form__Form-sc-8oudnm-0 gKFvzw"
>
  <input
    class="opt-form__Input-sc-8oudnm-1 cPiRA"
    placeholder="Email address"
    type="email"
  />
  <button
    class="opt-form__Button-sc-8oudnm-2 jfKjbw"
  >
    Try it now
    <img
      alt="Try now"
      src="/images/icons/chevron-right.png"
    />
  </button>
  <div
    class="opt-form__Break-sc-8oudnm-4 dkPhxT"
  />
  <p
    class="opt-form__Text-sc-8oudnm-3 hipIDZ"
  >
    Ready to watch? Enter your email to create or restart your membership
  </p>
</div>
`;
